WARNING - 2026-02-04 08:51:52 --> [DEPRECATED] Creation of dynamic property Config\Torrent::$imageDir is deprecated in APPPATH/Config/Torrent.php on line 114.
 1 SYSTEMPATH/Config/Factories.php(236): Config\Torrent->__construct()
 2 SYSTEMPATH/Config/Factories.php(170): CodeIgniter\Config\Factories::createInstance('config', 'Config\\Torrent', [])
 3 SYSTEMPATH/Config/Factories.php(189): CodeIgniter\Config\Factories::__callStatic('config', [])
 4 SYSTEMPATH/Common.php(208): CodeIgniter\Config\Factories::get('config', 'Torrent')
 5 APPPATH/Controllers/BaseController.php(131): config('Torrent')
 6 SYSTEMPATH/CodeIgniter.php(904): App\Controllers\BaseController->initController(Object(CodeIgniter\HTTP\IncomingRequest), Object(CodeIgniter\HTTP\Response), Object(CodeIgniter\Log\Logger))
 7 SYSTEMPATH/CodeIgniter.php(498): CodeIgniter\CodeIgniter->createController()
 8 SYSTEMPATH/CodeIgniter.php(354): CodeIgniter\CodeIgniter->handleRequest(null, Object(Config\Cache), false)
 9 SYSTEMPATH/Boot.php(363): CodeIgniter\CodeIgniter->run()
10 SYSTEMPATH/Boot.php(68): CodeIgniter\Boot::runCodeIgniter(Object(CodeIgniter\CodeIgniter))
11 FCPATH/index.php(59): CodeIgniter\Boot::bootWeb(Object(Config\Paths))
WARNING - 2026-02-04 08:51:52 --> [DEPRECATED] Creation of dynamic property Config\Torrent::$catImageDir is deprecated in APPPATH/Config/Torrent.php on line 115.
 1 SYSTEMPATH/Config/Factories.php(236): Config\Torrent->__construct()
 2 SYSTEMPATH/Config/Factories.php(170): CodeIgniter\Config\Factories::createInstance('config', 'Config\\Torrent', [])
 3 SYSTEMPATH/Config/Factories.php(189): CodeIgniter\Config\Factories::__callStatic('config', [])
 4 SYSTEMPATH/Common.php(208): CodeIgniter\Config\Factories::get('config', 'Torrent')
 5 APPPATH/Controllers/BaseController.php(131): config('Torrent')
 6 SYSTEMPATH/CodeIgniter.php(904): App\Controllers\BaseController->initController(Object(CodeIgniter\HTTP\IncomingRequest), Object(CodeIgniter\HTTP\Response), Object(CodeIgniter\Log\Logger))
 7 SYSTEMPATH/CodeIgniter.php(498): CodeIgniter\CodeIgniter->createController()
 8 SYSTEMPATH/CodeIgniter.php(354): CodeIgniter\CodeIgniter->handleRequest(null, Object(Config\Cache), false)
 9 SYSTEMPATH/Boot.php(363): CodeIgniter\CodeIgniter->run()
10 SYSTEMPATH/Boot.php(68): CodeIgniter\Boot::runCodeIgniter(Object(CodeIgniter\CodeIgniter))
11 FCPATH/index.php(59): CodeIgniter\Boot::bootWeb(Object(Config\Paths))
DEBUG - 2026-02-04 08:51:52 --> Session: Class initialized using 'CodeIgniter\Session\Handlers\DatabaseHandler' driver.
WARNING - 2026-02-04 08:51:52 --> [DEPRECATED] Creation of dynamic property Config\Torrent::$imageDir is deprecated in APPPATH/Config/Torrent.php on line 114.
 1 APPPATH/Helpers/avatar_helper.php(11): Config\Torrent->__construct()
 2 FCPATH/themes/front/widget/login.php(9): avatar('1.png', 200)
 3 FCPATH/themes/front/footer.php(4): include('/srv/http/torr.ws/public/themes/front/widget/login.php')
 4 SYSTEMPATH/View/View.php(226): include('/srv/http/torr.ws/public/themes/front/footer.php')
 5 SYSTEMPATH/View/View.php(229): CodeIgniter\View\View->{closure:CodeIgniter\View\View::render():223}()
 6 APPPATH/ThirdParty/templates/Themes.php(468): CodeIgniter\View\View->render('footer')
 7 APPPATH/Controllers/Home.php(51): Arifrh\Themes\Themes::render('home', [...])
 8 SYSTEMPATH/CodeIgniter.php(933): App\Controllers\Home->index()
 9 SYSTEMPATH/CodeIgniter.php(507): CodeIgniter\CodeIgniter->runController(Object(App\Controllers\Home))
10 SYSTEMPATH/CodeIgniter.php(354): CodeIgniter\CodeIgniter->handleRequest(null, Object(Config\Cache), false)
11 SYSTEMPATH/Boot.php(363): CodeIgniter\CodeIgniter->run()
12 SYSTEMPATH/Boot.php(68): CodeIgniter\Boot::runCodeIgniter(Object(CodeIgniter\CodeIgniter))
13 FCPATH/index.php(59): CodeIgniter\Boot::bootWeb(Object(Config\Paths))
WARNING - 2026-02-04 08:51:52 --> [DEPRECATED] Creation of dynamic property Config\Torrent::$catImageDir is deprecated in APPPATH/Config/Torrent.php on line 115.
 1 APPPATH/Helpers/avatar_helper.php(11): Config\Torrent->__construct()
 2 FCPATH/themes/front/widget/login.php(9): avatar('1.png', 200)
 3 FCPATH/themes/front/footer.php(4): include('/srv/http/torr.ws/public/themes/front/widget/login.php')
 4 SYSTEMPATH/View/View.php(226): include('/srv/http/torr.ws/public/themes/front/footer.php')
 5 SYSTEMPATH/View/View.php(229): CodeIgniter\View\View->{closure:CodeIgniter\View\View::render():223}()
 6 APPPATH/ThirdParty/templates/Themes.php(468): CodeIgniter\View\View->render('footer')
 7 APPPATH/Controllers/Home.php(51): Arifrh\Themes\Themes::render('home', [...])
 8 SYSTEMPATH/CodeIgniter.php(933): App\Controllers\Home->index()
 9 SYSTEMPATH/CodeIgniter.php(507): CodeIgniter\CodeIgniter->runController(Object(App\Controllers\Home))
10 SYSTEMPATH/CodeIgniter.php(354): CodeIgniter\CodeIgniter->handleRequest(null, Object(Config\Cache), false)
11 SYSTEMPATH/Boot.php(363): CodeIgniter\CodeIgniter->run()
12 SYSTEMPATH/Boot.php(68): CodeIgniter\Boot::runCodeIgniter(Object(CodeIgniter\CodeIgniter))
13 FCPATH/index.php(59): CodeIgniter\Boot::bootWeb(Object(Config\Paths))
WARNING - 2026-02-04 08:54:21 --> [DEPRECATED] Creation of dynamic property Config\Torrent::$imageDir is deprecated in APPPATH/Config/Torrent.php on line 114.
 1 SYSTEMPATH/Config/Factories.php(236): Config\Torrent->__construct()
 2 SYSTEMPATH/Config/Factories.php(170): CodeIgniter\Config\Factories::createInstance('config', 'Config\\Torrent', [])
 3 SYSTEMPATH/Config/Factories.php(189): CodeIgniter\Config\Factories::__callStatic('config', [])
 4 SYSTEMPATH/Common.php(208): CodeIgniter\Config\Factories::get('config', 'Torrent')
 5 APPPATH/Controllers/BaseController.php(131): config('Torrent')
 6 SYSTEMPATH/CodeIgniter.php(922): App\Controllers\BaseController->initController(Object(CodeIgniter\HTTP\IncomingRequest), Object(CodeIgniter\HTTP\Response), Object(CodeIgniter\Log\Logger))
 7 SYSTEMPATH/CodeIgniter.php(488): CodeIgniter\CodeIgniter->createController()
 8 SYSTEMPATH/CodeIgniter.php(340): CodeIgniter\CodeIgniter->handleRequest(null, Object(Config\Cache), false)
 9 SYSTEMPATH/Boot.php(417): CodeIgniter\CodeIgniter->run()
10 SYSTEMPATH/Boot.php(68): CodeIgniter\Boot::runCodeIgniter(Object(CodeIgniter\CodeIgniter))
11 FCPATH/index.php(59): CodeIgniter\Boot::bootWeb(Object(Config\Paths))
WARNING - 2026-02-04 08:54:21 --> [DEPRECATED] Creation of dynamic property Config\Torrent::$catImageDir is deprecated in APPPATH/Config/Torrent.php on line 115.
 1 SYSTEMPATH/Config/Factories.php(236): Config\Torrent->__construct()
 2 SYSTEMPATH/Config/Factories.php(170): CodeIgniter\Config\Factories::createInstance('config', 'Config\\Torrent', [])
 3 SYSTEMPATH/Config/Factories.php(189): CodeIgniter\Config\Factories::__callStatic('config', [])
 4 SYSTEMPATH/Common.php(208): CodeIgniter\Config\Factories::get('config', 'Torrent')
 5 APPPATH/Controllers/BaseController.php(131): config('Torrent')
 6 SYSTEMPATH/CodeIgniter.php(922): App\Controllers\BaseController->initController(Object(CodeIgniter\HTTP\IncomingRequest), Object(CodeIgniter\HTTP\Response), Object(CodeIgniter\Log\Logger))
 7 SYSTEMPATH/CodeIgniter.php(488): CodeIgniter\CodeIgniter->createController()
 8 SYSTEMPATH/CodeIgniter.php(340): CodeIgniter\CodeIgniter->handleRequest(null, Object(Config\Cache), false)
 9 SYSTEMPATH/Boot.php(417): CodeIgniter\CodeIgniter->run()
10 SYSTEMPATH/Boot.php(68): CodeIgniter\Boot::runCodeIgniter(Object(CodeIgniter\CodeIgniter))
11 FCPATH/index.php(59): CodeIgniter\Boot::bootWeb(Object(Config\Paths))
DEBUG - 2026-02-04 08:54:21 --> Session: Class initialized using 'CodeIgniter\Session\Handlers\DatabaseHandler' driver.
WARNING - 2026-02-04 08:54:21 --> [DEPRECATED] Creation of dynamic property Config\Torrent::$imageDir is deprecated in APPPATH/Config/Torrent.php on line 114.
 1 APPPATH/Helpers/avatar_helper.php(11): Config\Torrent->__construct()
 2 FCPATH/themes/front/widget/login.php(9): avatar('1.png', 200)
 3 FCPATH/themes/front/footer.php(4): include('/srv/http/torr.ws/public/themes/front/widget/login.php')
 4 SYSTEMPATH/View/View.php(238): include('/srv/http/torr.ws/public/themes/front/footer.php')
 5 SYSTEMPATH/View/View.php(241): CodeIgniter\View\View->{closure:CodeIgniter\View\View::render():235}()
 6 APPPATH/ThirdParty/templates/Themes.php(468): CodeIgniter\View\View->render('footer')
 7 APPPATH/Controllers/Home.php(51): Arifrh\Themes\Themes::render('home', [...])
 8 SYSTEMPATH/CodeIgniter.php(951): App\Controllers\Home->index()
 9 SYSTEMPATH/CodeIgniter.php(497): CodeIgniter\CodeIgniter->runController(Object(App\Controllers\Home))
10 SYSTEMPATH/CodeIgniter.php(340): CodeIgniter\CodeIgniter->handleRequest(null, Object(Config\Cache), false)
11 SYSTEMPATH/Boot.php(417): CodeIgniter\CodeIgniter->run()
12 SYSTEMPATH/Boot.php(68): CodeIgniter\Boot::runCodeIgniter(Object(CodeIgniter\CodeIgniter))
13 FCPATH/index.php(59): CodeIgniter\Boot::bootWeb(Object(Config\Paths))
WARNING - 2026-02-04 08:54:21 --> [DEPRECATED] Creation of dynamic property Config\Torrent::$catImageDir is deprecated in APPPATH/Config/Torrent.php on line 115.
 1 APPPATH/Helpers/avatar_helper.php(11): Config\Torrent->__construct()
 2 FCPATH/themes/front/widget/login.php(9): avatar('1.png', 200)
 3 FCPATH/themes/front/footer.php(4): include('/srv/http/torr.ws/public/themes/front/widget/login.php')
 4 SYSTEMPATH/View/View.php(238): include('/srv/http/torr.ws/public/themes/front/footer.php')
 5 SYSTEMPATH/View/View.php(241): CodeIgniter\View\View->{closure:CodeIgniter\View\View::render():235}()
 6 APPPATH/ThirdParty/templates/Themes.php(468): CodeIgniter\View\View->render('footer')
 7 APPPATH/Controllers/Home.php(51): Arifrh\Themes\Themes::render('home', [...])
 8 SYSTEMPATH/CodeIgniter.php(951): App\Controllers\Home->index()
 9 SYSTEMPATH/CodeIgniter.php(497): CodeIgniter\CodeIgniter->runController(Object(App\Controllers\Home))
10 SYSTEMPATH/CodeIgniter.php(340): CodeIgniter\CodeIgniter->handleRequest(null, Object(Config\Cache), false)
11 SYSTEMPATH/Boot.php(417): CodeIgniter\CodeIgniter->run()
12 SYSTEMPATH/Boot.php(68): CodeIgniter\Boot::runCodeIgniter(Object(CodeIgniter\CodeIgniter))
13 FCPATH/index.php(59): CodeIgniter\Boot::bootWeb(Object(Config\Paths))
WARNING - 2026-02-04 08:54:26 --> [DEPRECATED] Creation of dynamic property Config\Torrent::$imageDir is deprecated in APPPATH/Config/Torrent.php on line 114.
 1 SYSTEMPATH/Config/Factories.php(236): Config\Torrent->__construct()
 2 SYSTEMPATH/Config/Factories.php(170): CodeIgniter\Config\Factories::createInstance('config', 'Config\\Torrent', [])
 3 SYSTEMPATH/Config/Factories.php(189): CodeIgniter\Config\Factories::__callStatic('config', [])
 4 SYSTEMPATH/Common.php(208): CodeIgniter\Config\Factories::get('config', 'Torrent')
 5 APPPATH/Controllers/BaseController.php(131): config('Torrent')
 6 SYSTEMPATH/CodeIgniter.php(922): App\Controllers\BaseController->initController(Object(CodeIgniter\HTTP\IncomingRequest), Object(CodeIgniter\HTTP\Response), Object(CodeIgniter\Log\Logger))
 7 SYSTEMPATH/CodeIgniter.php(488): CodeIgniter\CodeIgniter->createController()
 8 SYSTEMPATH/CodeIgniter.php(340): CodeIgniter\CodeIgniter->handleRequest(null, Object(Config\Cache), false)
 9 SYSTEMPATH/Boot.php(417): CodeIgniter\CodeIgniter->run()
10 SYSTEMPATH/Boot.php(68): CodeIgniter\Boot::runCodeIgniter(Object(CodeIgniter\CodeIgniter))
11 FCPATH/index.php(59): CodeIgniter\Boot::bootWeb(Object(Config\Paths))
WARNING - 2026-02-04 08:54:26 --> [DEPRECATED] Creation of dynamic property Config\Torrent::$catImageDir is deprecated in APPPATH/Config/Torrent.php on line 115.
 1 SYSTEMPATH/Config/Factories.php(236): Config\Torrent->__construct()
 2 SYSTEMPATH/Config/Factories.php(170): CodeIgniter\Config\Factories::createInstance('config', 'Config\\Torrent', [])
 3 SYSTEMPATH/Config/Factories.php(189): CodeIgniter\Config\Factories::__callStatic('config', [])
 4 SYSTEMPATH/Common.php(208): CodeIgniter\Config\Factories::get('config', 'Torrent')
 5 APPPATH/Controllers/BaseController.php(131): config('Torrent')
 6 SYSTEMPATH/CodeIgniter.php(922): App\Controllers\BaseController->initController(Object(CodeIgniter\HTTP\IncomingRequest), Object(CodeIgniter\HTTP\Response), Object(CodeIgniter\Log\Logger))
 7 SYSTEMPATH/CodeIgniter.php(488): CodeIgniter\CodeIgniter->createController()
 8 SYSTEMPATH/CodeIgniter.php(340): CodeIgniter\CodeIgniter->handleRequest(null, Object(Config\Cache), false)
 9 SYSTEMPATH/Boot.php(417): CodeIgniter\CodeIgniter->run()
10 SYSTEMPATH/Boot.php(68): CodeIgniter\Boot::runCodeIgniter(Object(CodeIgniter\CodeIgniter))
11 FCPATH/index.php(59): CodeIgniter\Boot::bootWeb(Object(Config\Paths))
DEBUG - 2026-02-04 08:54:26 --> Session: Class initialized using 'CodeIgniter\Session\Handlers\DatabaseHandler' driver.
WARNING - 2026-02-04 08:54:26 --> [DEPRECATED] Creation of dynamic property Config\Torrent::$imageDir is deprecated in APPPATH/Config/Torrent.php on line 114.
 1 APPPATH/Helpers/avatar_helper.php(11): Config\Torrent->__construct()
 2 FCPATH/themes/front/torrent_view.php(56): avatar('1.png', 70, 'img-rounded img-responsive border border-dark border-3')
 3 SYSTEMPATH/View/View.php(238): include('/srv/http/torr.ws/public/themes/front/torrent_view.php')
 4 SYSTEMPATH/View/View.php(241): CodeIgniter\View\View->{closure:CodeIgniter\View\View::render():235}()
 5 APPPATH/ThirdParty/templates/Themes.php(464): CodeIgniter\View\View->render('torrent_view')
 6 APPPATH/Controllers/TorrentController.php(143): Arifrh\Themes\Themes::render('torrent_view', [...])
 7 SYSTEMPATH/CodeIgniter.php(951): App\Controllers\TorrentController->TorrentView(12)
 8 SYSTEMPATH/CodeIgniter.php(497): CodeIgniter\CodeIgniter->runController(Object(App\Controllers\TorrentController))
 9 SYSTEMPATH/CodeIgniter.php(340): CodeIgniter\CodeIgniter->handleRequest(null, Object(Config\Cache), false)
10 SYSTEMPATH/Boot.php(417): CodeIgniter\CodeIgniter->run()
11 SYSTEMPATH/Boot.php(68): CodeIgniter\Boot::runCodeIgniter(Object(CodeIgniter\CodeIgniter))
12 FCPATH/index.php(59): CodeIgniter\Boot::bootWeb(Object(Config\Paths))
WARNING - 2026-02-04 08:54:26 --> [DEPRECATED] Creation of dynamic property Config\Torrent::$catImageDir is deprecated in APPPATH/Config/Torrent.php on line 115.
 1 APPPATH/Helpers/avatar_helper.php(11): Config\Torrent->__construct()
 2 FCPATH/themes/front/torrent_view.php(56): avatar('1.png', 70, 'img-rounded img-responsive border border-dark border-3')
 3 SYSTEMPATH/View/View.php(238): include('/srv/http/torr.ws/public/themes/front/torrent_view.php')
 4 SYSTEMPATH/View/View.php(241): CodeIgniter\View\View->{closure:CodeIgniter\View\View::render():235}()
 5 APPPATH/ThirdParty/templates/Themes.php(464): CodeIgniter\View\View->render('torrent_view')
 6 APPPATH/Controllers/TorrentController.php(143): Arifrh\Themes\Themes::render('torrent_view', [...])
 7 SYSTEMPATH/CodeIgniter.php(951): App\Controllers\TorrentController->TorrentView(12)
 8 SYSTEMPATH/CodeIgniter.php(497): CodeIgniter\CodeIgniter->runController(Object(App\Controllers\TorrentController))
 9 SYSTEMPATH/CodeIgniter.php(340): CodeIgniter\CodeIgniter->handleRequest(null, Object(Config\Cache), false)
10 SYSTEMPATH/Boot.php(417): CodeIgniter\CodeIgniter->run()
11 SYSTEMPATH/Boot.php(68): CodeIgniter\Boot::runCodeIgniter(Object(CodeIgniter\CodeIgniter))
12 FCPATH/index.php(59): CodeIgniter\Boot::bootWeb(Object(Config\Paths))
WARNING - 2026-02-04 08:54:26 --> [DEPRECATED] Creation of dynamic property Config\Torrent::$imageDir is deprecated in APPPATH/Config/Torrent.php on line 114.
 1 APPPATH/Helpers/avatar_helper.php(11): Config\Torrent->__construct()
 2 FCPATH/themes/front/widget/login.php(9): avatar('1.png', 200)
 3 FCPATH/themes/front/footer.php(4): include('/srv/http/torr.ws/public/themes/front/widget/login.php')
 4 SYSTEMPATH/View/View.php(238): include('/srv/http/torr.ws/public/themes/front/footer.php')
 5 SYSTEMPATH/View/View.php(241): CodeIgniter\View\View->{closure:CodeIgniter\View\View::render():235}()
 6 APPPATH/ThirdParty/templates/Themes.php(468): CodeIgniter\View\View->render('footer')
 7 APPPATH/Controllers/TorrentController.php(143): Arifrh\Themes\Themes::render('torrent_view', [...])
 8 SYSTEMPATH/CodeIgniter.php(951): App\Controllers\TorrentController->TorrentView(12)
 9 SYSTEMPATH/CodeIgniter.php(497): CodeIgniter\CodeIgniter->runController(Object(App\Controllers\TorrentController))
10 SYSTEMPATH/CodeIgniter.php(340): CodeIgniter\CodeIgniter->handleRequest(null, Object(Config\Cache), false)
11 SYSTEMPATH/Boot.php(417): CodeIgniter\CodeIgniter->run()
12 SYSTEMPATH/Boot.php(68): CodeIgniter\Boot::runCodeIgniter(Object(CodeIgniter\CodeIgniter))
13 FCPATH/index.php(59): CodeIgniter\Boot::bootWeb(Object(Config\Paths))
WARNING - 2026-02-04 08:54:26 --> [DEPRECATED] Creation of dynamic property Config\Torrent::$catImageDir is deprecated in APPPATH/Config/Torrent.php on line 115.
 1 APPPATH/Helpers/avatar_helper.php(11): Config\Torrent->__construct()
 2 FCPATH/themes/front/widget/login.php(9): avatar('1.png', 200)
 3 FCPATH/themes/front/footer.php(4): include('/srv/http/torr.ws/public/themes/front/widget/login.php')
 4 SYSTEMPATH/View/View.php(238): include('/srv/http/torr.ws/public/themes/front/footer.php')
 5 SYSTEMPATH/View/View.php(241): CodeIgniter\View\View->{closure:CodeIgniter\View\View::render():235}()
 6 APPPATH/ThirdParty/templates/Themes.php(468): CodeIgniter\View\View->render('footer')
 7 APPPATH/Controllers/TorrentController.php(143): Arifrh\Themes\Themes::render('torrent_view', [...])
 8 SYSTEMPATH/CodeIgniter.php(951): App\Controllers\TorrentController->TorrentView(12)
 9 SYSTEMPATH/CodeIgniter.php(497): CodeIgniter\CodeIgniter->runController(Object(App\Controllers\TorrentController))
10 SYSTEMPATH/CodeIgniter.php(340): CodeIgniter\CodeIgniter->handleRequest(null, Object(Config\Cache), false)
11 SYSTEMPATH/Boot.php(417): CodeIgniter\CodeIgniter->run()
12 SYSTEMPATH/Boot.php(68): CodeIgniter\Boot::runCodeIgniter(Object(CodeIgniter\CodeIgniter))
13 FCPATH/index.php(59): CodeIgniter\Boot::bootWeb(Object(Config\Paths))
WARNING - 2026-02-04 09:05:46 --> [DEPRECATED] Creation of dynamic property Config\Torrent::$imageDir is deprecated in APPPATH/Config/Torrent.php on line 114.
 1 SYSTEMPATH/Config/Factories.php(236): Config\Torrent->__construct()
 2 SYSTEMPATH/Config/Factories.php(170): CodeIgniter\Config\Factories::createInstance('config', 'Config\\Torrent', [])
 3 SYSTEMPATH/Config/Factories.php(189): CodeIgniter\Config\Factories::__callStatic('config', [])
 4 SYSTEMPATH/Common.php(208): CodeIgniter\Config\Factories::get('config', 'Torrent')
 5 APPPATH/Controllers/BaseController.php(131): config('Torrent')
 6 SYSTEMPATH/CodeIgniter.php(922): App\Controllers\BaseController->initController(Object(CodeIgniter\HTTP\IncomingRequest), Object(CodeIgniter\HTTP\Response), Object(CodeIgniter\Log\Logger))
 7 SYSTEMPATH/CodeIgniter.php(488): CodeIgniter\CodeIgniter->createController()
 8 SYSTEMPATH/CodeIgniter.php(340): CodeIgniter\CodeIgniter->handleRequest(null, Object(Config\Cache), false)
 9 SYSTEMPATH/Boot.php(417): CodeIgniter\CodeIgniter->run()
10 SYSTEMPATH/Boot.php(68): CodeIgniter\Boot::runCodeIgniter(Object(CodeIgniter\CodeIgniter))
11 FCPATH/index.php(59): CodeIgniter\Boot::bootWeb(Object(Config\Paths))
WARNING - 2026-02-04 09:05:46 --> [DEPRECATED] Creation of dynamic property Config\Torrent::$catImageDir is deprecated in APPPATH/Config/Torrent.php on line 115.
 1 SYSTEMPATH/Config/Factories.php(236): Config\Torrent->__construct()
 2 SYSTEMPATH/Config/Factories.php(170): CodeIgniter\Config\Factories::createInstance('config', 'Config\\Torrent', [])
 3 SYSTEMPATH/Config/Factories.php(189): CodeIgniter\Config\Factories::__callStatic('config', [])
 4 SYSTEMPATH/Common.php(208): CodeIgniter\Config\Factories::get('config', 'Torrent')
 5 APPPATH/Controllers/BaseController.php(131): config('Torrent')
 6 SYSTEMPATH/CodeIgniter.php(922): App\Controllers\BaseController->initController(Object(CodeIgniter\HTTP\IncomingRequest), Object(CodeIgniter\HTTP\Response), Object(CodeIgniter\Log\Logger))
 7 SYSTEMPATH/CodeIgniter.php(488): CodeIgniter\CodeIgniter->createController()
 8 SYSTEMPATH/CodeIgniter.php(340): CodeIgniter\CodeIgniter->handleRequest(null, Object(Config\Cache), false)
 9 SYSTEMPATH/Boot.php(417): CodeIgniter\CodeIgniter->run()
10 SYSTEMPATH/Boot.php(68): CodeIgniter\Boot::runCodeIgniter(Object(CodeIgniter\CodeIgniter))
11 FCPATH/index.php(59): CodeIgniter\Boot::bootWeb(Object(Config\Paths))
DEBUG - 2026-02-04 09:05:46 --> Session: Class initialized using 'CodeIgniter\Session\Handlers\DatabaseHandler' driver.
WARNING - 2026-02-04 09:05:46 --> [DEPRECATED] Creation of dynamic property Config\Torrent::$imageDir is deprecated in APPPATH/Config/Torrent.php on line 114.
 1 APPPATH/Helpers/avatar_helper.php(11): Config\Torrent->__construct()
 2 FCPATH/themes/front/torrent_view.php(56): avatar('1.png', 70, 'img-rounded img-responsive border border-dark border-3')
 3 SYSTEMPATH/View/View.php(238): include('/srv/http/torr.ws/public/themes/front/torrent_view.php')
 4 SYSTEMPATH/View/View.php(241): CodeIgniter\View\View->{closure:CodeIgniter\View\View::render():235}()
 5 APPPATH/ThirdParty/templates/Themes.php(464): CodeIgniter\View\View->render('torrent_view')
 6 APPPATH/Controllers/TorrentController.php(143): Arifrh\Themes\Themes::render('torrent_view', [...])
 7 SYSTEMPATH/CodeIgniter.php(951): App\Controllers\TorrentController->TorrentView(12)
 8 SYSTEMPATH/CodeIgniter.php(497): CodeIgniter\CodeIgniter->runController(Object(App\Controllers\TorrentController))
 9 SYSTEMPATH/CodeIgniter.php(340): CodeIgniter\CodeIgniter->handleRequest(null, Object(Config\Cache), false)
10 SYSTEMPATH/Boot.php(417): CodeIgniter\CodeIgniter->run()
11 SYSTEMPATH/Boot.php(68): CodeIgniter\Boot::runCodeIgniter(Object(CodeIgniter\CodeIgniter))
12 FCPATH/index.php(59): CodeIgniter\Boot::bootWeb(Object(Config\Paths))
WARNING - 2026-02-04 09:05:46 --> [DEPRECATED] Creation of dynamic property Config\Torrent::$catImageDir is deprecated in APPPATH/Config/Torrent.php on line 115.
 1 APPPATH/Helpers/avatar_helper.php(11): Config\Torrent->__construct()
 2 FCPATH/themes/front/torrent_view.php(56): avatar('1.png', 70, 'img-rounded img-responsive border border-dark border-3')
 3 SYSTEMPATH/View/View.php(238): include('/srv/http/torr.ws/public/themes/front/torrent_view.php')
 4 SYSTEMPATH/View/View.php(241): CodeIgniter\View\View->{closure:CodeIgniter\View\View::render():235}()
 5 APPPATH/ThirdParty/templates/Themes.php(464): CodeIgniter\View\View->render('torrent_view')
 6 APPPATH/Controllers/TorrentController.php(143): Arifrh\Themes\Themes::render('torrent_view', [...])
 7 SYSTEMPATH/CodeIgniter.php(951): App\Controllers\TorrentController->TorrentView(12)
 8 SYSTEMPATH/CodeIgniter.php(497): CodeIgniter\CodeIgniter->runController(Object(App\Controllers\TorrentController))
 9 SYSTEMPATH/CodeIgniter.php(340): CodeIgniter\CodeIgniter->handleRequest(null, Object(Config\Cache), false)
10 SYSTEMPATH/Boot.php(417): CodeIgniter\CodeIgniter->run()
11 SYSTEMPATH/Boot.php(68): CodeIgniter\Boot::runCodeIgniter(Object(CodeIgniter\CodeIgniter))
12 FCPATH/index.php(59): CodeIgniter\Boot::bootWeb(Object(Config\Paths))
WARNING - 2026-02-04 09:05:46 --> [DEPRECATED] Creation of dynamic property Config\Torrent::$imageDir is deprecated in APPPATH/Config/Torrent.php on line 114.
 1 APPPATH/Helpers/avatar_helper.php(11): Config\Torrent->__construct()
 2 FCPATH/themes/front/widget/login.php(9): avatar('1.png', 200)
 3 FCPATH/themes/front/footer.php(4): include('/srv/http/torr.ws/public/themes/front/widget/login.php')
 4 SYSTEMPATH/View/View.php(238): include('/srv/http/torr.ws/public/themes/front/footer.php')
 5 SYSTEMPATH/View/View.php(241): CodeIgniter\View\View->{closure:CodeIgniter\View\View::render():235}()
 6 APPPATH/ThirdParty/templates/Themes.php(468): CodeIgniter\View\View->render('footer')
 7 APPPATH/Controllers/TorrentController.php(143): Arifrh\Themes\Themes::render('torrent_view', [...])
 8 SYSTEMPATH/CodeIgniter.php(951): App\Controllers\TorrentController->TorrentView(12)
 9 SYSTEMPATH/CodeIgniter.php(497): CodeIgniter\CodeIgniter->runController(Object(App\Controllers\TorrentController))
10 SYSTEMPATH/CodeIgniter.php(340): CodeIgniter\CodeIgniter->handleRequest(null, Object(Config\Cache), false)
11 SYSTEMPATH/Boot.php(417): CodeIgniter\CodeIgniter->run()
12 SYSTEMPATH/Boot.php(68): CodeIgniter\Boot::runCodeIgniter(Object(CodeIgniter\CodeIgniter))
13 FCPATH/index.php(59): CodeIgniter\Boot::bootWeb(Object(Config\Paths))
WARNING - 2026-02-04 09:05:46 --> [DEPRECATED] Creation of dynamic property Config\Torrent::$catImageDir is deprecated in APPPATH/Config/Torrent.php on line 115.
 1 APPPATH/Helpers/avatar_helper.php(11): Config\Torrent->__construct()
 2 FCPATH/themes/front/widget/login.php(9): avatar('1.png', 200)
 3 FCPATH/themes/front/footer.php(4): include('/srv/http/torr.ws/public/themes/front/widget/login.php')
 4 SYSTEMPATH/View/View.php(238): include('/srv/http/torr.ws/public/themes/front/footer.php')
 5 SYSTEMPATH/View/View.php(241): CodeIgniter\View\View->{closure:CodeIgniter\View\View::render():235}()
 6 APPPATH/ThirdParty/templates/Themes.php(468): CodeIgniter\View\View->render('footer')
 7 APPPATH/Controllers/TorrentController.php(143): Arifrh\Themes\Themes::render('torrent_view', [...])
 8 SYSTEMPATH/CodeIgniter.php(951): App\Controllers\TorrentController->TorrentView(12)
 9 SYSTEMPATH/CodeIgniter.php(497): CodeIgniter\CodeIgniter->runController(Object(App\Controllers\TorrentController))
10 SYSTEMPATH/CodeIgniter.php(340): CodeIgniter\CodeIgniter->handleRequest(null, Object(Config\Cache), false)
11 SYSTEMPATH/Boot.php(417): CodeIgniter\CodeIgniter->run()
12 SYSTEMPATH/Boot.php(68): CodeIgniter\Boot::runCodeIgniter(Object(CodeIgniter\CodeIgniter))
13 FCPATH/index.php(59): CodeIgniter\Boot::bootWeb(Object(Config\Paths))
